Running valid tests
